header=present
header_remove=present
headers_sent=present
headers_list=present
http_response_code=present
setcookie=present
setrawcookie=present
session_start=present
session_id=present
session_name=present
session_destroy=present
ob_start=present
ob_get_clean=present
ob_get_contents=present
ob_end_clean=present
ob_get_level=present
php_sapi_name=present
putenv=present
filter_input=present
fastcgi_finish_request=missing
spl_autoload_register=present
spl_autoload_unregister=present
spl_autoload_functions=present
trigger_error=present
set_error_handler=present
restore_error_handler=present
register_shutdown_function=present
error_get_last=present
move_uploaded_file=present
is_uploaded_file=present
cli_set_process_title=present
stream_resolve_include_path=present
phpinfo=present
PHP_SAPI=cli
